// Jest Snapshot v1, https://goo.gl/fbAQLP

exports[`Test MyProfile renders correctly 1`] = `
<div
  className="d-flex justify-content-center mt-5 container"
>
  <div
    className="w-25 list-group"
    onKeyDown={[Function]}
  >
    <h2>
      My Rockets
    </h2>
    <p
      className="text-danger"
    >
      Please, pick a rocket to see more...
    </p>
  </div>
</div>
`;
